
> vite-react-app@0.0.0 build
> vite build

vite v8.0.14 building client environment for production...
[2Ktransforming...✓ 5387 modules transformed.
rendering chunks...
computing gzip size...
dist/index.html                   1.54 kB │ gzip:   0.68 kB
dist/assets/index-CIyINNsJ.css   80.84 kB │ gzip:  14.86 kB
dist/assets/index-CTRRmr15.js   800.73 kB │ gzip: 239.32 kB

✓ built in 5.71s
[plugin builtin:vite-reporter] 
(!) Some chunks are larger than 500 kB after minification. Consider:
- Using dynamic import() to code-split the application
- Use build.rolldownOptions.output.codeSplitting to improve chunking: https://rolldown.rs/reference/OutputOptions.codeSplitting
- Adjust chunk size limit for this warning via build.chunkSizeWarningLimit.
